MPLINK 4.49, Linker
Linker Map File - Created Thu May 08 13:18:08 2014

                                 Section Info
                  Section       Type    Address   Location Size(Bytes)
                ---------  ---------  ---------  ---------  ---------
                   .org_0       code   0x000000    program   0x0000b4
                   .cinit    romdata   0x00005a    program   0x000004



                              Program Memory Usage 
                               Start         End      
                           ---------   ---------      
                            0x000000    0x00005b      
            92 out of 8454 program addresses used, program memory utilization is 1%



                              Symbols - Sorted by Name
                     Name    Address   Location    Storage File                     
                ---------  ---------  ---------  --------- ---------                
                    ATRAS   0x000054    program     static D:\Facultad\Electronica digital 2\tarea 2\tarea2.asm
                CANTCEROS   0x00004c    program     static D:\Facultad\Electronica digital 2\tarea 2\tarea2.asm
               CONTARUNOS   0x000050    program     static D:\Facultad\Electronica digital 2\tarea 2\tarea2.asm
                     SIGO   0x000044    program     static D:\Facultad\Electronica digital 2\tarea 2\tarea2.asm
             _.org_0_004B   0x00004b    program     static D:\Facultad\Electronica digital 2\tarea 2\tarea2.asm



                              Symbols - Sorted by Address
                     Name    Address   Location    Storage File                     
                ---------  ---------  ---------  --------- ---------                
                     SIGO   0x000044    program     static D:\Facultad\Electronica digital 2\tarea 2\tarea2.asm
             _.org_0_004B   0x00004b    program     static D:\Facultad\Electronica digital 2\tarea 2\tarea2.asm
                CANTCEROS   0x00004c    program     static D:\Facultad\Electronica digital 2\tarea 2\tarea2.asm
               CONTARUNOS   0x000050    program     static D:\Facultad\Electronica digital 2\tarea 2\tarea2.asm
                    ATRAS   0x000054    program     static D:\Facultad\Electronica digital 2\tarea 2\tarea2.asm


