MPLINK 4.49, Linker
Linker Map File - Created Tue Jun 10 03:36:47 2014

                                 Section Info
                  Section       Type    Address   Location Size(Bytes)
                ---------  ---------  ---------  ---------  ---------
                   .org_0       code   0x000000    program   0x000000
                   .org_1       code   0x000000    program   0x0000de
 .config_2007_TXTECLADO.O       code   0x002007    program   0x000002



                              Program Memory Usage 
                               Start         End      
                           ---------   ---------      
                            0x000000    0x00006e      
                            0x002007    0x002007      
            112 out of 8454 program addresses used, program memory utilization is 1%



                              Symbols - Sorted by Name
                     Name    Address   Location    Storage File                     
                ---------  ---------  ---------  --------- ---------                
             ANTIRREBOTES   0x00002e    program     static D:\Facultad\Electronica digital 2\teclado y serie\txteclado.asm
                       B1   0x000030    program     static D:\Facultad\Electronica digital 2\teclado y serie\txteclado.asm
                       B2   0x000032    program     static D:\Facultad\Electronica digital 2\teclado y serie\txteclado.asm
                       B3   0x000034    program     static D:\Facultad\Electronica digital 2\teclado y serie\txteclado.asm
                       B4   0x000036    program     static D:\Facultad\Electronica digital 2\teclado y serie\txteclado.asm
                CHECA_COL   0x00001b    program     static D:\Facultad\Electronica digital 2\teclado y serie\txteclado.asm
            CONFIGURACION   0x000001    program     static D:\Facultad\Electronica digital 2\teclado y serie\txteclado.asm
              DECOD_TECLA   0x00003b    program     static D:\Facultad\Electronica digital 2\teclado y serie\txteclado.asm
                    ENVIO   0x000052    program     static D:\Facultad\Electronica digital 2\teclado y serie\txteclado.asm
                  ESPERAR   0x000048    program     static D:\Facultad\Electronica digital 2\teclado y serie\txteclado.asm
                   ESPERO   0x000058    program     static D:\Facultad\Electronica digital 2\teclado y serie\txteclado.asm
                PRINCIPAL   0x000014    program     static D:\Facultad\Electronica digital 2\teclado y serie\txteclado.asm
                    SIGO2   0x00004a    program     static D:\Facultad\Electronica digital 2\teclado y serie\txteclado.asm
                    SIGO3   0x000048    program     static D:\Facultad\Electronica digital 2\teclado y serie\txteclado.asm
                    SIGOO   0x00004c    program     static D:\Facultad\Electronica digital 2\teclado y serie\txteclado.asm
                    TABLA   0x00005e    program     static D:\Facultad\Electronica digital 2\teclado y serie\txteclado.asm
                  TECLADO   0x000018    program     static D:\Facultad\Electronica digital 2\teclado y serie\txteclado.asm



                              Symbols - Sorted by Address
                     Name    Address   Location    Storage File                     
                ---------  ---------  ---------  --------- ---------                
            CONFIGURACION   0x000001    program     static D:\Facultad\Electronica digital 2\teclado y serie\txteclado.asm
                PRINCIPAL   0x000014    program     static D:\Facultad\Electronica digital 2\teclado y serie\txteclado.asm
                  TECLADO   0x000018    program     static D:\Facultad\Electronica digital 2\teclado y serie\txteclado.asm
                CHECA_COL   0x00001b    program     static D:\Facultad\Electronica digital 2\teclado y serie\txteclado.asm
             ANTIRREBOTES   0x00002e    program     static D:\Facultad\Electronica digital 2\teclado y serie\txteclado.asm
                       B1   0x000030    program     static D:\Facultad\Electronica digital 2\teclado y serie\txteclado.asm
                       B2   0x000032    program     static D:\Facultad\Electronica digital 2\teclado y serie\txteclado.asm
                       B3   0x000034    program     static D:\Facultad\Electronica digital 2\teclado y serie\txteclado.asm
                       B4   0x000036    program     static D:\Facultad\Electronica digital 2\teclado y serie\txteclado.asm
              DECOD_TECLA   0x00003b    program     static D:\Facultad\Electronica digital 2\teclado y serie\txteclado.asm
                  ESPERAR   0x000048    program     static D:\Facultad\Electronica digital 2\teclado y serie\txteclado.asm
                    SIGO3   0x000048    program     static D:\Facultad\Electronica digital 2\teclado y serie\txteclado.asm
                    SIGO2   0x00004a    program     static D:\Facultad\Electronica digital 2\teclado y serie\txteclado.asm
                    SIGOO   0x00004c    program     static D:\Facultad\Electronica digital 2\teclado y serie\txteclado.asm
                    ENVIO   0x000052    program     static D:\Facultad\Electronica digital 2\teclado y serie\txteclado.asm
                   ESPERO   0x000058    program     static D:\Facultad\Electronica digital 2\teclado y serie\txteclado.asm
                    TABLA   0x00005e    program     static D:\Facultad\Electronica digital 2\teclado y serie\txteclado.asm


