MPLINK 4.49, Linker
Linker Map File - Created Wed May 21 00:58:29 2014

                                 Section Info
                  Section       Type    Address   Location Size(Bytes)
                ---------  ---------  ---------  ---------  ---------
                   .org_0       code   0x000000    program   0x000002
                   .cinit    romdata   0x000001    program   0x000004
                   .org_1       code   0x000004    program   0x0000d4



                              Program Memory Usage 
                               Start         End      
                           ---------   ---------      
                            0x000000    0x000002      
                            0x000004    0x00006d      
            109 out of 8454 program addresses used, program memory utilization is 1%



                              Symbols - Sorted by Name
                     Name    Address   Location    Storage File                     
                ---------  ---------  ---------  --------- ---------                
            CONFIGURACION   0x000012    program     static D:\Facultad\Electronica digital 2\tarea 4\tarea4.asm
                   ESPERA   0x00006a    program     static D:\Facultad\Electronica digital 2\tarea 4\tarea4.asm
                   INICIO   0x00001e    program     static D:\Facultad\Electronica digital 2\tarea 4\tarea4.asm
                     SIGO   0x000026    program     static D:\Facultad\Electronica digital 2\tarea 4\tarea4.asm
                    TABLA   0x000039    program     static D:\Facultad\Electronica digital 2\tarea 4\tarea4.asm



                              Symbols - Sorted by Address
                     Name    Address   Location    Storage File                     
                ---------  ---------  ---------  --------- ---------                
            CONFIGURACION   0x000012    program     static D:\Facultad\Electronica digital 2\tarea 4\tarea4.asm
                   INICIO   0x00001e    program     static D:\Facultad\Electronica digital 2\tarea 4\tarea4.asm
                     SIGO   0x000026    program     static D:\Facultad\Electronica digital 2\tarea 4\tarea4.asm
                    TABLA   0x000039    program     static D:\Facultad\Electronica digital 2\tarea 4\tarea4.asm
                   ESPERA   0x00006a    program     static D:\Facultad\Electronica digital 2\tarea 4\tarea4.asm


