MPLINK 4.49, Linker
Linker Map File - Created Tue May 27 16:27:26 2014

                                 Section Info
                  Section       Type    Address   Location Size(Bytes)
                ---------  ---------  ---------  ---------  ---------
                   .org_0       code   0x000000    program   0x000000
                   .org_1       code   0x000000    program   0x00006e



                              Program Memory Usage 
                               Start         End      
                           ---------   ---------      
                            0x000000    0x000036      
            55 out of 8454 program addresses used, program memory utilization is 0%



                              Symbols - Sorted by Name
                     Name    Address   Location    Storage File                     
                ---------  ---------  ---------  --------- ---------                
                  CENTENA   0x000004    program     static D:\Facultad\Electronica digital 2\binario BCD 10 bits\binBCD10bits.asm
                CONTINUAR   0x000025    program     static D:\Facultad\Electronica digital 2\binario BCD 10 bits\binBCD10bits.asm
                   DECENA   0x000028    program     static D:\Facultad\Electronica digital 2\binario BCD 10 bits\binBCD10bits.asm
                 NEGATIVO   0x000013    program     static D:\Facultad\Electronica digital 2\binario BCD 10 bits\binBCD10bits.asm
                 POSITIVO   0x00000d    program     static D:\Facultad\Electronica digital 2\binario BCD 10 bits\binBCD10bits.asm
                PRINCIPAL   0x000000    program     static D:\Facultad\Electronica digital 2\binario BCD 10 bits\binBCD10bits.asm
                     SIGO   0x000019    program     static D:\Facultad\Electronica digital 2\binario BCD 10 bits\binBCD10bits.asm
                     SUMA   0x000023    program     static D:\Facultad\Electronica digital 2\binario BCD 10 bits\binBCD10bits.asm
                   UNIDAD   0x000030    program     static D:\Facultad\Electronica digital 2\binario BCD 10 bits\binBCD10bits.asm



                              Symbols - Sorted by Address
                     Name    Address   Location    Storage File                     
                ---------  ---------  ---------  --------- ---------                
                PRINCIPAL   0x000000    program     static D:\Facultad\Electronica digital 2\binario BCD 10 bits\binBCD10bits.asm
                  CENTENA   0x000004    program     static D:\Facultad\Electronica digital 2\binario BCD 10 bits\binBCD10bits.asm
                 POSITIVO   0x00000d    program     static D:\Facultad\Electronica digital 2\binario BCD 10 bits\binBCD10bits.asm
                 NEGATIVO   0x000013    program     static D:\Facultad\Electronica digital 2\binario BCD 10 bits\binBCD10bits.asm
                     SIGO   0x000019    program     static D:\Facultad\Electronica digital 2\binario BCD 10 bits\binBCD10bits.asm
                     SUMA   0x000023    program     static D:\Facultad\Electronica digital 2\binario BCD 10 bits\binBCD10bits.asm
                CONTINUAR   0x000025    program     static D:\Facultad\Electronica digital 2\binario BCD 10 bits\binBCD10bits.asm
                   DECENA   0x000028    program     static D:\Facultad\Electronica digital 2\binario BCD 10 bits\binBCD10bits.asm
                   UNIDAD   0x000030    program     static D:\Facultad\Electronica digital 2\binario BCD 10 bits\binBCD10bits.asm


