MPLINK 4.49, Linker
Linker Map File - Created Wed May 07 14:04:39 2014

                                 Section Info
                  Section       Type    Address   Location Size(Bytes)
                ---------  ---------  ---------  ---------  ---------
                   .org_0       code   0x000000    program   0x000000
                   .org_1       code   0x000000    program   0x000050
    .config_2007_TAREA1.O       code   0x002007    program   0x000002



                              Program Memory Usage 
                               Start         End      
                           ---------   ---------      
                            0x000000    0x000027      
                            0x002007    0x002007      
            41 out of 8454 program addresses used, program memory utilization is 0%



                              Symbols - Sorted by Name
                     Name    Address   Location    Storage File                     
                ---------  ---------  ---------  --------- ---------                
                     CONF   0x000000    program     static D:\Facultad\Electronica digital 2\tarea 1\tarea1.asm
                  ESPERAR   0x00001e    program     static D:\Facultad\Electronica digital 2\tarea 1\tarea1.asm
                    IRDER   0x00000d    program     static D:\Facultad\Electronica digital 2\tarea 1\tarea1.asm
                    IRIZQ   0x000013    program     static D:\Facultad\Electronica digital 2\tarea 1\tarea1.asm
                    LLAVE   0x00001a    program     static D:\Facultad\Electronica digital 2\tarea 1\tarea1.asm
                PRINCIPAL   0x000008    program     static D:\Facultad\Electronica digital 2\tarea 1\tarea1.asm
                     SIGO   0x000022    program     static D:\Facultad\Electronica digital 2\tarea 1\tarea1.asm
                    SIGO2   0x000020    program     static D:\Facultad\Electronica digital 2\tarea 1\tarea1.asm
                    SIGO3   0x00001e    program     static D:\Facultad\Electronica digital 2\tarea 1\tarea1.asm



                              Symbols - Sorted by Address
                     Name    Address   Location    Storage File                     
                ---------  ---------  ---------  --------- ---------                
                     CONF   0x000000    program     static D:\Facultad\Electronica digital 2\tarea 1\tarea1.asm
                PRINCIPAL   0x000008    program     static D:\Facultad\Electronica digital 2\tarea 1\tarea1.asm
                    IRDER   0x00000d    program     static D:\Facultad\Electronica digital 2\tarea 1\tarea1.asm
                    IRIZQ   0x000013    program     static D:\Facultad\Electronica digital 2\tarea 1\tarea1.asm
                    LLAVE   0x00001a    program     static D:\Facultad\Electronica digital 2\tarea 1\tarea1.asm
                  ESPERAR   0x00001e    program     static D:\Facultad\Electronica digital 2\tarea 1\tarea1.asm
                    SIGO3   0x00001e    program     static D:\Facultad\Electronica digital 2\tarea 1\tarea1.asm
                    SIGO2   0x000020    program     static D:\Facultad\Electronica digital 2\tarea 1\tarea1.asm
                     SIGO   0x000022    program     static D:\Facultad\Electronica digital 2\tarea 1\tarea1.asm


