MPLINK 4.49, Linker
Linker Map File - Created Tue May 06 21:45:52 2014

                                 Section Info
                  Section       Type    Address   Location Size(Bytes)
                ---------  ---------  ---------  ---------  ---------
                   .org_0       code   0x000000    program   0x000020
                   .cinit    romdata   0x000010    program   0x000004



                              Program Memory Usage 
                               Start         End      
                           ---------   ---------      
                            0x000000    0x000011      
            18 out of 8454 program addresses used, program memory utilization is 0%



                              Symbols - Sorted by Name
                     Name    Address   Location    Storage File                     
                ---------  ---------  ---------  --------- ---------                
                     CONF   0x000000    program     static D:\Facultad\Electronica digital 2\ej 2.5\2-5.asm
                     SIGO   0x000009    program     static D:\Facultad\Electronica digital 2\ej 2.5\2-5.asm
                    SIGO2   0x000007    program     static D:\Facultad\Electronica digital 2\ej 2.5\2-5.asm
                    SIGO3   0x000005    program     static D:\Facultad\Electronica digital 2\ej 2.5\2-5.asm



                              Symbols - Sorted by Address
                     Name    Address   Location    Storage File                     
                ---------  ---------  ---------  --------- ---------                
                     CONF   0x000000    program     static D:\Facultad\Electronica digital 2\ej 2.5\2-5.asm
                    SIGO3   0x000005    program     static D:\Facultad\Electronica digital 2\ej 2.5\2-5.asm
                    SIGO2   0x000007    program     static D:\Facultad\Electronica digital 2\ej 2.5\2-5.asm
                     SIGO   0x000009    program     static D:\Facultad\Electronica digital 2\ej 2.5\2-5.asm


