MPLINK 4.49, Linker
Linker Map File - Created Sat May 17 17:27:47 2014

                                 Section Info
                  Section       Type    Address   Location Size(Bytes)
                ---------  ---------  ---------  ---------  ---------
                   .org_0       code   0x000000    program   0x000000
                   .org_1       code   0x000000    program   0x00005c
        .config_2007_TX.O       code   0x002007    program   0x000002



                              Program Memory Usage 
                               Start         End      
                           ---------   ---------      
                            0x000000    0x00002d      
                            0x002007    0x002007      
            47 out of 8454 program addresses used, program memory utilization is 0%



                              Symbols - Sorted by Name
                     Name    Address   Location    Storage File                     
                ---------  ---------  ---------  --------- ---------                
            CONFIGURACION   0x000001    program     static D:\Facultad\Electronica digital 2\transmisor\TX.asm
                      DOS   0x00001a    program     static D:\Facultad\Electronica digital 2\transmisor\TX.asm
                    ENVIO   0x000024    program     static D:\Facultad\Electronica digital 2\transmisor\TX.asm
                   ESPERO   0x000028    program     static D:\Facultad\Electronica digital 2\transmisor\TX.asm
                     SIGO   0x000012    program     static D:\Facultad\Electronica digital 2\transmisor\TX.asm
                   TIEMPO   0x000016    program     static D:\Facultad\Electronica digital 2\transmisor\TX.asm
                     TRES   0x000018    program     static D:\Facultad\Electronica digital 2\transmisor\TX.asm
                      UNO   0x00001c    program     static D:\Facultad\Electronica digital 2\transmisor\TX.asm



                              Symbols - Sorted by Address
                     Name    Address   Location    Storage File                     
                ---------  ---------  ---------  --------- ---------                
            CONFIGURACION   0x000001    program     static D:\Facultad\Electronica digital 2\transmisor\TX.asm
                     SIGO   0x000012    program     static D:\Facultad\Electronica digital 2\transmisor\TX.asm
                   TIEMPO   0x000016    program     static D:\Facultad\Electronica digital 2\transmisor\TX.asm
                     TRES   0x000018    program     static D:\Facultad\Electronica digital 2\transmisor\TX.asm
                      DOS   0x00001a    program     static D:\Facultad\Electronica digital 2\transmisor\TX.asm
                      UNO   0x00001c    program     static D:\Facultad\Electronica digital 2\transmisor\TX.asm
                    ENVIO   0x000024    program     static D:\Facultad\Electronica digital 2\transmisor\TX.asm
                   ESPERO   0x000028    program     static D:\Facultad\Electronica digital 2\transmisor\TX.asm


