MPLINK 4.49, Linker
Linker Map File - Created Tue May 06 14:05:21 2014

                                 Section Info
                  Section       Type    Address   Location Size(Bytes)
                ---------  ---------  ---------  ---------  ---------
                   .org_0       code   0x000000    program   0x00003e
                   .cinit    romdata   0x00001f    program   0x000004
    .config_2007_PRUEBA.O       code   0x002007    program   0x000002



                              Program Memory Usage 
                               Start         End      
                           ---------   ---------      
                            0x000000    0x000020      
                            0x002007    0x002007      
            34 out of 8454 program addresses used, program memory utilization is 0%



                              Symbols - Sorted by Name
                     Name    Address   Location    Storage File                     
                ---------  ---------  ---------  --------- ---------                
                       L0   0x000008    program     static D:\Facultad\Electronica digital 2\prueba\PRUEBA.asm
                       L1   0x00000d    program     static D:\Facultad\Electronica digital 2\prueba\PRUEBA.asm
                       L2   0x00000b    program     static D:\Facultad\Electronica digital 2\prueba\PRUEBA.asm
                       L3   0x000018    program     static D:\Facultad\Electronica digital 2\prueba\PRUEBA.asm
                       L4   0x000016    program     static D:\Facultad\Electronica digital 2\prueba\PRUEBA.asm



                              Symbols - Sorted by Address
                     Name    Address   Location    Storage File                     
                ---------  ---------  ---------  --------- ---------                
                       L0   0x000008    program     static D:\Facultad\Electronica digital 2\prueba\PRUEBA.asm
                       L2   0x00000b    program     static D:\Facultad\Electronica digital 2\prueba\PRUEBA.asm
                       L1   0x00000d    program     static D:\Facultad\Electronica digital 2\prueba\PRUEBA.asm
                       L4   0x000016    program     static D:\Facultad\Electronica digital 2\prueba\PRUEBA.asm
                       L3   0x000018    program     static D:\Facultad\Electronica digital 2\prueba\PRUEBA.asm


