MPLINK 4.49, Linker
Linker Map File - Created Tue Jun 10 01:52:33 2014

                                 Section Info
                  Section       Type    Address   Location Size(Bytes)
                ---------  ---------  ---------  ---------  ---------
                   .org_0       code   0x000000    program   0x000000
                   .org_1       code   0x000000    program   0x0000ac
 .config_2007_TXTECLADO.O       code   0x002007    program   0x000002



                              Program Memory Usage 
                               Start         End      
                           ---------   ---------      
                            0x000000    0x000055      
                            0x002007    0x002007      
            87 out of 8454 program addresses used, program memory utilization is 1%



                              Symbols - Sorted by Name
                     Name    Address   Location    Storage File                     
                ---------  ---------  ---------  --------- ---------                
             ANTIRREBOTES   0x000028    program     static D:\Facultad\Electronica digital 2\TXTeclado\txteclado.asm
                       B1   0x00002a    program     static D:\Facultad\Electronica digital 2\TXTeclado\txteclado.asm
                       B2   0x00002c    program     static D:\Facultad\Electronica digital 2\TXTeclado\txteclado.asm
                       B3   0x00002e    program     static D:\Facultad\Electronica digital 2\TXTeclado\txteclado.asm
                       B4   0x000030    program     static D:\Facultad\Electronica digital 2\TXTeclado\txteclado.asm
                CHECA_COL   0x000015    program     static D:\Facultad\Electronica digital 2\TXTeclado\txteclado.asm
            CONFIGURACION   0x000001    program     static D:\Facultad\Electronica digital 2\TXTeclado\txteclado.asm
              DECOD_TECLA   0x000035    program     static D:\Facultad\Electronica digital 2\TXTeclado\txteclado.asm
                    ENVIO   0x00004c    program     static D:\Facultad\Electronica digital 2\TXTeclado\txteclado.asm
                  ESPERAR   0x000042    program     static D:\Facultad\Electronica digital 2\TXTeclado\txteclado.asm
                   ESPERO   0x000050    program     static D:\Facultad\Electronica digital 2\TXTeclado\txteclado.asm
                PRINCIPAL   0x00000e    program     static D:\Facultad\Electronica digital 2\TXTeclado\txteclado.asm
                    SIGO2   0x000044    program     static D:\Facultad\Electronica digital 2\TXTeclado\txteclado.asm
                    SIGO3   0x000042    program     static D:\Facultad\Electronica digital 2\TXTeclado\txteclado.asm
                    SIGOO   0x000046    program     static D:\Facultad\Electronica digital 2\TXTeclado\txteclado.asm
                  TECLADO   0x000012    program     static D:\Facultad\Electronica digital 2\TXTeclado\txteclado.asm



                              Symbols - Sorted by Address
                     Name    Address   Location    Storage File                     
                ---------  ---------  ---------  --------- ---------                
            CONFIGURACION   0x000001    program     static D:\Facultad\Electronica digital 2\TXTeclado\txteclado.asm
                PRINCIPAL   0x00000e    program     static D:\Facultad\Electronica digital 2\TXTeclado\txteclado.asm
                  TECLADO   0x000012    program     static D:\Facultad\Electronica digital 2\TXTeclado\txteclado.asm
                CHECA_COL   0x000015    program     static D:\Facultad\Electronica digital 2\TXTeclado\txteclado.asm
             ANTIRREBOTES   0x000028    program     static D:\Facultad\Electronica digital 2\TXTeclado\txteclado.asm
                       B1   0x00002a    program     static D:\Facultad\Electronica digital 2\TXTeclado\txteclado.asm
                       B2   0x00002c    program     static D:\Facultad\Electronica digital 2\TXTeclado\txteclado.asm
                       B3   0x00002e    program     static D:\Facultad\Electronica digital 2\TXTeclado\txteclado.asm
                       B4   0x000030    program     static D:\Facultad\Electronica digital 2\TXTeclado\txteclado.asm
              DECOD_TECLA   0x000035    program     static D:\Facultad\Electronica digital 2\TXTeclado\txteclado.asm
                  ESPERAR   0x000042    program     static D:\Facultad\Electronica digital 2\TXTeclado\txteclado.asm
                    SIGO3   0x000042    program     static D:\Facultad\Electronica digital 2\TXTeclado\txteclado.asm
                    SIGO2   0x000044    program     static D:\Facultad\Electronica digital 2\TXTeclado\txteclado.asm
                    SIGOO   0x000046    program     static D:\Facultad\Electronica digital 2\TXTeclado\txteclado.asm
                    ENVIO   0x00004c    program     static D:\Facultad\Electronica digital 2\TXTeclado\txteclado.asm
                   ESPERO   0x000050    program     static D:\Facultad\Electronica digital 2\TXTeclado\txteclado.asm


