MPLINK 4.49, Linker
Linker Map File - Created Thu May 15 13:39:36 2014

                                 Section Info
                  Section       Type    Address   Location Size(Bytes)
                ---------  ---------  ---------  ---------  ---------
                   .org_0       code   0x000000    program   0x000000
                   .org_1       code   0x000000    program   0x0000a2
 .config_2007_DISPLAYS2.O       code   0x002007    program   0x000002



                              Program Memory Usage 
                               Start         End      
                           ---------   ---------      
                            0x000000    0x000050      
                            0x002007    0x002007      
            82 out of 8454 program addresses used, program memory utilization is 0%



                              Symbols - Sorted by Name
                     Name    Address   Location    Storage File                     
                ---------  ---------  ---------  --------- ---------                
          CARGA_REGISTROS   0x00000d    program     static D:\Facultad\Electronica digital 2\dispalys 2\displays2.asm
                     CONF   0x000000    program     static D:\Facultad\Electronica digital 2\dispalys 2\displays2.asm
                 DISPLAYS   0x00002e    program     static D:\Facultad\Electronica digital 2\dispalys 2\displays2.asm
                  ESPERAR   0x00003c    program     static D:\Facultad\Electronica digital 2\dispalys 2\displays2.asm
                  MOSTRAR   0x000026    program     static D:\Facultad\Electronica digital 2\dispalys 2\displays2.asm
                PRINCIPAL   0x000021    program     static D:\Facultad\Electronica digital 2\dispalys 2\displays2.asm
                   SEGUIR   0x000029    program     static D:\Facultad\Electronica digital 2\dispalys 2\displays2.asm
                    TABLA   0x000042    program     static D:\Facultad\Electronica digital 2\dispalys 2\displays2.asm
                   TIEMPO   0x00004d    program     static D:\Facultad\Electronica digital 2\dispalys 2\displays2.asm
                   VUELVO   0x000035    program     static D:\Facultad\Electronica digital 2\dispalys 2\displays2.asm



                              Symbols - Sorted by Address
                     Name    Address   Location    Storage File                     
                ---------  ---------  ---------  --------- ---------                
                     CONF   0x000000    program     static D:\Facultad\Electronica digital 2\dispalys 2\displays2.asm
          CARGA_REGISTROS   0x00000d    program     static D:\Facultad\Electronica digital 2\dispalys 2\displays2.asm
                PRINCIPAL   0x000021    program     static D:\Facultad\Electronica digital 2\dispalys 2\displays2.asm
                  MOSTRAR   0x000026    program     static D:\Facultad\Electronica digital 2\dispalys 2\displays2.asm
                   SEGUIR   0x000029    program     static D:\Facultad\Electronica digital 2\dispalys 2\displays2.asm
                 DISPLAYS   0x00002e    program     static D:\Facultad\Electronica digital 2\dispalys 2\displays2.asm
                   VUELVO   0x000035    program     static D:\Facultad\Electronica digital 2\dispalys 2\displays2.asm
                  ESPERAR   0x00003c    program     static D:\Facultad\Electronica digital 2\dispalys 2\displays2.asm
                    TABLA   0x000042    program     static D:\Facultad\Electronica digital 2\dispalys 2\displays2.asm
                   TIEMPO   0x00004d    program     static D:\Facultad\Electronica digital 2\dispalys 2\displays2.asm


