MPLINK 4.49, Linker
Linker Map File - Created Wed Jun 04 03:03:27 2014

                                 Section Info
                  Section       Type    Address   Location Size(Bytes)
                ---------  ---------  ---------  ---------  ---------
                   .org_0       code   0x000000    program   0x000000
                   .org_1       code   0x000000    program   0x000002
                   .org_2       code   0x000004    program   0x00003c
.config_2007_PRUEBA LED INTE.O       code   0x002007    program   0x000002



                              Program Memory Usage 
                               Start         End      
                           ---------   ---------      
                            0x000000    0x000000      
                            0x000004    0x000021      
                            0x002007    0x002007      
            32 out of 8454 program addresses used, program memory utilization is 0%



                              Symbols - Sorted by Name
                     Name    Address   Location    Storage File                     
                ---------  ---------  ---------  --------- ---------                
                     CERO   0x00000b    program     static D:\Facultad\Electronica digital 2\prueba led con interrup\prueba led inte.asm
                   INICIO   0x000013    program     static D:\Facultad\Electronica digital 2\prueba led con interrup\prueba led inte.asm
             INTERRUPCION   0x000004    program     static D:\Facultad\Electronica digital 2\prueba led con interrup\prueba led inte.asm
                PRINCIPAL   0x000021    program     static D:\Facultad\Electronica digital 2\prueba led con interrup\prueba led inte.asm
                RECUPERAR   0x00000f    program     static D:\Facultad\Electronica digital 2\prueba led con interrup\prueba led inte.asm
                      UNO   0x00000d    program     static D:\Facultad\Electronica digital 2\prueba led con interrup\prueba led inte.asm



                              Symbols - Sorted by Address
                     Name    Address   Location    Storage File                     
                ---------  ---------  ---------  --------- ---------                
             INTERRUPCION   0x000004    program     static D:\Facultad\Electronica digital 2\prueba led con interrup\prueba led inte.asm
                     CERO   0x00000b    program     static D:\Facultad\Electronica digital 2\prueba led con interrup\prueba led inte.asm
                      UNO   0x00000d    program     static D:\Facultad\Electronica digital 2\prueba led con interrup\prueba led inte.asm
                RECUPERAR   0x00000f    program     static D:\Facultad\Electronica digital 2\prueba led con interrup\prueba led inte.asm
                   INICIO   0x000013    program     static D:\Facultad\Electronica digital 2\prueba led con interrup\prueba led inte.asm
                PRINCIPAL   0x000021    program     static D:\Facultad\Electronica digital 2\prueba led con interrup\prueba led inte.asm


